[r.mobirisesite.com/2300835/assets/images/photo-1686056040167-1e3dead46-h_mlf723wd.jpg]
[backblue.gif]
[fade.gif]
[index.html]
[r.mobirisesite.com/2300835/assets/web/assets/mobirise-icons2/mobirise29996.css]
[r.mobirisesite.com/2300835/assets/bootstrap/css/bootstrap.min9996.css]
[r.mobirisesite.com/2300835/assets/parallax/jarallax9996.css]
[r.mobirisesite.com/2300835/assets/dropdown/css/style9996.css]
[r.mobirisesite.com/2300835/assets/socicon/css/styles9996.css]
[r.mobirisesite.com/2300835/assets/theme/css/style9996.css]
[r.mobirisesite.com/2300835/assets/recaptcha9996.css]
[r.mobirisesite.com/2300835/assets/css/mbr-additional9996.css]
[r.mobirisesite.com/2300835/assets/images/photo-1757439402224-56c48352f719.jpg]
[r.mobirisesite.com/2300835/assets/images/photo-1762810944373-d3cd437cbd1d.jpg]
[r.mobirisesite.com/2300835/assets/images/photo-1758448511320-05d7d28f4298.jpg]
[r.mobirisesite.com/2300835/assets/images/photo-1757924432508-d4e92411caeb.jpg]
[r.mobirisesite.com/2300835/assets/images/photo-1720970228640-ac22842d782a.jpg]
[r.mobirisesite.com/2300835/assets/images/photo-1758193431355-54df41421657.jpg]
[r.mobirisesite.com/2300835/assets/images/photo-1525614686090-7a3108e3758e.jpg]
[r.mobirisesite.com/2300835/assets/images/photo-1658335786123-b4b2b56a8c1d.jpg]
[r.mobirisesite.com/2300835/assets/images/photo-1541385767762-a55c33eb0c80.jpg]
[r.mobirisesite.com/2300835/assets/images/photo-1629114112651-a8c8c27fb851.jpg]
[r.mobirisesite.com/2300835/assets/images/photo-1653953893860-b8f756596132.jpg]
[r.mobirisesite.com/2300835/assets/images/photo-1535026406642-530e01750ad7.jpg]
[r.mobirisesite.com/2300835/assets/images/photo-1757439402190-99b73ac8e807.jpg]
[r.mobirisesite.com/2300835/assets/images/photo-1757439402103-fc35542f96f8.jpg]
[r.mobirisesite.com/2300835/assets/images/photo-1758548157747-285c7012db5b.jpg]
[r.mobirisesite.com/2300835/assets/images/photo-1559329389-0a5042e65c29.jpg]
[r.mobirisesite.com/2300835/assets/images/photo-1758448617677-2f8bebc56d9e.jpg]
[r.mobirisesite.com/2300835/assets/images/photo-1720802704358-d5128e061516.jpg]
[r.mobirisesite.com/2300835/assets/images/photo-1757924284732-4189190321cf.jpg]
[r.mobirisesite.com/2300835/assets/images/photo-1758957530781-4ff54e09bee2.jpg]
[r.mobirisesite.com/2300835/assets/images/photo-1601630164609-af849e05b776.jpg]
[r.mobirisesite.com/2300835/assets/images/photo-1763783695583-c0703902d318.jpg]
[r.mobirisesite.com/2300835/assets/images/team1-h_mlf6eh18.jpg]
[r.mobirisesite.com/2300835/assets/web/assets/jquery/jquery.min9996.js]
[r.mobirisesite.com/2300835/assets/bootstrap/js/bootstrap.bundle.min9996.js]
[r.mobirisesite.com/2300835/assets/parallax/jarallax9996.js]
[r.mobirisesite.com/2300835/assets/smoothscroll/smooth-scroll9996.js]
[r.mobirisesite.com/2300835/assets/ytplayer/index9996.js]
[r.mobirisesite.com/2300835/assets/dropdown/js/navbar-dropdown9996.js]
[r.mobirisesite.com/2300835/assets/scrollgallery/scroll-gallery9996.js]
[r.mobirisesite.com/2300835/assets/mbr-switch-arrow/mbr-switch-arrow9996.js]
[r.mobirisesite.com/2300835/assets/theme/js/script9996.js]
[maasaradaapartment.mobirisesite.com/index.html]
[r.mobirisesite.com/2300835/assets/formoid.min9996.js]
[r.mobirisesite.com/2300835/assets/web/assets/mobirise-icons2/mobirise21e04.eot]
[r.mobirisesite.com/2300835/assets/web/assets/mobirise-icons2/mobirise21e04.woff2]
[r.mobirisesite.com/2300835/assets/web/assets/mobirise-icons2/mobirise21e04.woff]
[r.mobirisesite.com/2300835/assets/web/assets/mobirise-icons2/mobirise21e04.ttf]
[r.mobirisesite.com/2300835/assets/web/assets/mobirise-icons2/mobirise29996.css]
[r.mobirisesite.com/2300835/assets/bootstrap/css/bootstrap.min9996.css]
[r.mobirisesite.com/2300835/assets/parallax/jarallax9996.css]
[r.mobirisesite.com/2300835/assets/dropdown/css/style9996.css]
[r.mobirisesite.com/2300835/assets/socicon/css/styles9996.css]
[r.mobirisesite.com/2300835/assets/theme/css/style9996.css]
[r.mobirisesite.com/2300835/assets/recaptcha9996.css]
[r.mobirisesite.com/2300835/assets/web/assets/mobirise-icons2/mobirise21e04.svg]
[r.mobirisesite.com/2300835/assets/images/g6599a149a247dfad5f7fa51b46a6-h_mlf8ot12.jpg]
[r.mobirisesite.com/2300835/assets/images/photo-1664892798972-079f15663b16.jpg]
[r.mobirisesite.com/2300835/assets/images/g51177577e8fb3a4fc0f91a5c9003-h_mlf8patm.jpg]
[r.mobirisesite.com/2300835/assets/images/photo-1757924461488-ef9ad0670978.jpg]
[r.mobirisesite.com/2300835/assets/css/mbr-additional9996.css]
[r.mobirisesite.com/2300835/assets/web/assets/mobirise-icons2/mobirise21e04.svg]
